time="2021-06-28T16:50:09+08:00" level=error msg="[invalid field found for struct github.com/hzlpypy/order_center/model.OrderMsg's field Order, need to define a valid foreign key for relations or it need to implement the Valuer/Scanner interface]" func=github.com/hzlpypy/order_center/init_service.Init.InitVCTable file="/home/huangzhilin/go/src/order_center/init_service/index.go:48"
time="2021-06-28T17:10:27+08:00" level=error msg="Error 1264: Out of range value for column 'expect_arrive_time' at row 1" func="github.com/hzlpypy/order_center/center.(*OrderCenter).CreateOrder.func1" file="/home/huangzhilin/go/src/order_center/center/server.go:59" CreateOrder="create order error"
time="2021-06-28T17:10:40+08:00" level=error msg="Error 1264: Out of range value for column 'expect_arrive_time' at row 1" func="github.com/hzlpypy/order_center/center.(*OrderCenter).CreateOrder" file="/home/huangzhilin/go/src/order_center/center/server.go:95" CreateOrder="create order error"
time="2021-06-28T17:24:51+08:00" level=error msg="WHERE conditions required" func=github.com/hzlpypy/order_center/internal/ticker.TimeTicker file="/home/huangzhilin/go/src/order_center/internal/ticker/index.go:60"
time="2021-06-28T17:51:44+08:00" level=error msg="Exception (504) Reason: \"channel/connection is not open\"" func="github.com/hzlpypy/order_center/center.(*OrderCenter).SendMsg" file="/home/huangzhilin/go/src/order_center/center/server.go:92" sendMsg="amqp channel error"
time="2021-06-28T17:51:44+08:00" level=error msg="Exception (504) Reason: \"channel/connection is not open\"" func=github.com/hzlpypy/order_center/internal/ticker.TimeTicker file="/home/huangzhilin/go/src/order_center/internal/ticker/index.go:65"
time="2021-06-28T17:52:00+08:00" level=error msg="Exception (504) Reason: \"channel/connection is not open\"" func="github.com/hzlpypy/order_center/center.(*OrderCenter).SendMsg" file="/home/huangzhilin/go/src/order_center/center/server.go:92" sendMsg="amqp channel error"
time="2021-06-28T17:52:00+08:00" level=error msg="Exception (504) Reason: \"channel/connection is not open\"" func=github.com/hzlpypy/order_center/internal/ticker.TimeTicker file="/home/huangzhilin/go/src/order_center/internal/ticker/index.go:65"
time="2021-06-29T15:04:32+08:00" level=error msg="GetCallback error, msgID=dd38d99a6e9346c4b4006df1ad40ee5b,err=WHERE conditions required" func="github.com/hzlpypy/order_center/center.(*OrderCenter).getRmpCallback" file="/home/huangzhilin/go/src/order_center/center/server.go:134"
time="2021-06-29T15:12:23+08:00" level=error msg="GetCallback time out" func="github.com/hzlpypy/order_center/center.(*OrderCenter).getRmpCallback" file="/home/huangzhilin/go/src/order_center/center/server.go:140"
time="2021-06-29T15:16:33+08:00" level=error msg="Exception (504) Reason: \"channel/connection is not open\"" func="github.com/hzlpypy/order_center/center.(*OrderCenter).SendMsg" file="/home/huangzhilin/go/src/order_center/center/server.go:93" sendMsg="amqp channel error"
time="2021-06-29T15:17:10+08:00" level=error msg="Exception (504) Reason: \"channel/connection is not open\"" func=github.com/hzlpypy/order_center/internal/ticker.TimeTicker file="/home/huangzhilin/go/src/order_center/internal/ticker/index.go:65"
time="2021-06-29T15:17:28+08:00" level=error msg="Exception (504) Reason: \"channel/connection is not open\"" func="github.com/hzlpypy/order_center/center.(*OrderCenter).SendMsg" file="/home/huangzhilin/go/src/order_center/center/server.go:93" sendMsg="amqp channel error"
time="2021-06-29T15:17:31+08:00" level=error msg="Exception (504) Reason: \"channel/connection is not open\"" func=github.com/hzlpypy/order_center/internal/ticker.TimeTicker file="/home/huangzhilin/go/src/order_center/internal/ticker/index.go:65"
time="2021-06-29T15:23:25+08:00" level=error msg="GetCallback time out" func="github.com/hzlpypy/order_center/center.(*OrderCenter).getRmpCallback" file="/home/huangzhilin/go/src/order_center/center/server.go:140"
time="2021-06-29T15:29:12+08:00" level=error msg="Exception (504) Reason: \"channel/connection is not open\"" func="github.com/hzlpypy/order_center/center.(*OrderCenter).SendMsg" file="/home/huangzhilin/go/src/order_center/center/server.go:93" sendMsg="amqp channel error"
time="2021-06-29T15:30:07+08:00" level=error msg="GetCallback error, msgID=d39339d477924b39ac7be96e8a85c00c,err=WHERE conditions required" func="github.com/hzlpypy/order_center/center.(*OrderCenter).getRmpCallback" file="/home/huangzhilin/go/src/order_center/center/server.go:134"
time="2021-06-29T15:36:48+08:00" level=error msg="GetCallback time out" func="github.com/hzlpypy/order_center/center.(*OrderCenter).getRmpCallback" file="/home/huangzhilin/go/src/order_center/center/server.go:140"
time="2021-06-29T15:37:39+08:00" level=error msg="Exception (504) Reason: \"channel/connection is not open\"" func="github.com/hzlpypy/order_center/center.(*OrderCenter).SendMsg" file="/home/huangzhilin/go/src/order_center/center/server.go:93" sendMsg="amqp channel error"
time="2021-06-29T15:38:06+08:00" level=error msg="Exception (504) Reason: \"channel/connection is not open\"" func=github.com/hzlpypy/order_center/internal/ticker.TimeTicker file="/home/huangzhilin/go/src/order_center/internal/ticker/index.go:66"
time="2021-06-29T15:38:16+08:00" level=error msg="Exception (504) Reason: \"channel/connection is not open\"" func="github.com/hzlpypy/order_center/center.(*OrderCenter).SendMsg" file="/home/huangzhilin/go/src/order_center/center/server.go:93" sendMsg="amqp channel error"
time="2021-06-29T15:38:17+08:00" level=error msg="Exception (504) Reason: \"channel/connection is not open\"" func=github.com/hzlpypy/order_center/internal/ticker.TimeTicker file="/home/huangzhilin/go/src/order_center/internal/ticker/index.go:66"
time="2021-06-29T15:38:42+08:00" level=error msg="Exception (504) Reason: \"channel/connection is not open\"" func="github.com/hzlpypy/order_center/center.(*OrderCenter).SendMsg" file="/home/huangzhilin/go/src/order_center/center/server.go:93" sendMsg="amqp channel error"
time="2021-06-29T15:38:42+08:00" level=error msg="Exception (504) Reason: \"channel/connection is not open\"" func=github.com/hzlpypy/order_center/internal/ticker.TimeTicker file="/home/huangzhilin/go/src/order_center/internal/ticker/index.go:66"
time="2021-06-29T15:57:06+08:00" level=error msg="GetCallback error, msgID=4de3e88751b544afb74eb049cd82bed5,err=WHERE conditions required" func="github.com/hzlpypy/order_center/center.(*OrderCenter).getRmpCallback" file="/home/huangzhilin/go/src/order_center/center/server.go:134"
time="2021-06-29T15:57:06+08:00" level=error msg="GetCallback error, msgID=d39339d477924b39ac7be96e8a85c00c,err=WHERE conditions required" func="github.com/hzlpypy/order_center/center.(*OrderCenter).getRmpCallback" file="/home/huangzhilin/go/src/order_center/center/server.go:134"
time="2021-06-29T15:57:06+08:00" level=error msg="GetCallback error, msgID=dd38d99a6e9346c4b4006df1ad40ee5b,err=WHERE conditions required" func="github.com/hzlpypy/order_center/center.(*OrderCenter).getRmpCallback" file="/home/huangzhilin/go/src/order_center/center/server.go:134"
time="2021-06-29T15:57:06+08:00" level=error msg="GetCallback error, msgID=e54d1f7ddf9a415cbf35c22091b25cec,err=WHERE conditions required" func="github.com/hzlpypy/order_center/center.(*OrderCenter).getRmpCallback" file="/home/huangzhilin/go/src/order_center/center/server.go:134"
time="2021-06-29T15:57:07+08:00" level=error msg="GetCallback error, msgID=eb09330c9a4d4695a1991e7183ce8bd9,err=WHERE conditions required" func="github.com/hzlpypy/order_center/center.(*OrderCenter).getRmpCallback" file="/home/huangzhilin/go/src/order_center/center/server.go:134"
